[2026-09-16 10:08:26] INFO  BookService initialized with 0 book(s) loaded.
[2026-09-16 10:09:15] INFO  Added book: 34 - Hello World
[2026-09-16 10:09:42] INFO  BookService initialized with 0 book(s) loaded.
[2026-09-16 10:09:42] INFO  Added book: 111 - Clean Code
[2026-09-16 10:09:42] INFO  BookService initialized with 0 book(s) loaded.
[2026-09-16 10:09:42] INFO  Added book: 222 - Book A
[2026-09-16 10:09:42] INFO  BookService initialized with 0 book(s) loaded.
[2026-09-16 10:09:42] INFO  BookService initialized with 0 book(s) loaded.
[2026-09-16 10:09:42] INFO  Added book: 444 - Short Story
[2026-09-16 10:09:42] INFO  Updated progress for 444 -> page 100
[2026-09-16 10:09:42] INFO  Updated progress for 444 -> page 50
[2026-09-16 10:09:42] INFO  BookService initialized with 0 book(s) loaded.
[2026-09-16 10:09:42] INFO  Added book: 555 - Novel
[2026-09-16 10:09:42] INFO  BookService initialized with 0 book(s) loaded.
[2026-09-16 10:09:42] INFO  Added book: 666 - To Delete
[2026-09-16 10:09:42] INFO  Deleted book: 666
[2026-09-16 10:09:42] INFO  BookService initialized with 0 book(s) loaded.
[2026-09-16 10:09:42] INFO  BookService initialized with 0 book(s) loaded.
[2026-09-16 10:09:42] INFO  Added book: 777 - The Hobbit
[2026-09-16 10:09:42] INFO  Added book: 778 - The Silmarillion
[2026-09-16 10:09:42] INFO  Added book: 779 - Dune
[2026-09-16 10:09:42] INFO  BookService initialized with 0 book(s) loaded.
[2026-09-16 10:09:42] INFO  Added book: 801 - Book 1
[2026-09-16 10:09:42] INFO  Added book: 802 - Book 2
[2026-09-16 10:09:42] INFO  Added book: 803 - Book 3
[2026-09-16 10:09:42] INFO  Updated progress for 802 -> page 100
[2026-09-16 10:09:42] INFO  Updated progress for 803 -> page 50
